Lorenz63, paper settings: signal std = 12.753, sigma_y = 0.001, 14 threads
192 trials to run (0 already done)
[   1/192    2588s]  T=10 noise=0.100 trial=15   ok    (7 terms, 2579s)
[   2/192    2609s]  T=10 noise=0.100 trial=29   ok    (7 terms, 2600s)
[   3/192    2663s]  T=10 noise=0.100 trial=1    ok    (7 terms, 2654s)
[   4/192    2682s]  T=10 noise=0.300 trial=19   ok    (7 terms, 2673s)
[   5/192    2700s]  T=10 noise=0.100 trial=52   ok    (7 terms, 2691s)
[   6/192    2729s]  T=10 noise=0.200 trial=38   ok    (7 terms, 2720s)
[   7/192    2745s]  T=10 noise=0.300 trial=47   ok    (7 terms, 2736s)
[   8/192    2817s]  T=10 noise=0.200 trial=56   ok    (7 terms, 2809s)
[   9/192    2832s]  T=10 noise=0.300 trial=33   ok    (7 terms, 2823s)
[  10/192    2843s]  T=10 noise=0.100 trial=43   ok    (7 terms, 2834s)
[  11/192    2855s]  T=10 noise=0.300 trial=5    ok    (7 terms, 2846s)
[  12/192    2863s]  T=10 noise=0.200 trial=10   ok    (7 terms, 2855s)
[  13/192    2893s]  T=10 noise=0.200 trial=24   ok    (7 terms, 2884s)
[  14/192    2895s]  T=10 noise=0.300 trial=60   ok    (7 terms, 2886s)
[  15/192    4480s]  T=10 noise=0.200 trial=15   ok    (7 terms, 1891s)
[  16/192    5135s]  T=10 noise=0.200 trial=29   ok    (7 terms, 2526s)
[  17/192    5137s]  T=10 noise=0.100 trial=61   ok    (7 terms, 2242s)
[  18/192    5162s]  T=10 noise=0.100 trial=20   ok    (7 terms, 2480s)
[  19/192    5248s]  T=10 noise=0.200 trial=1    ok    (7 terms, 2585s)
[  20/192    5251s]  T=10 noise=0.100 trial=48   ok    (7 terms, 2507s)
[  21/192    5371s]  T=10 noise=0.200 trial=52   ok    (7 terms, 2671s)
[  22/192    5371s]  T=10 noise=0.100 trial=34   ok    (7 terms, 2540s)
[  23/192    5372s]  T=10 noise=0.100 trial=6    ok    (7 terms, 2517s)
[  24/192    5391s]  T=10 noise=0.300 trial=38   ok    (7 terms, 2662s)
[  25/192   35371s]  T=10 noise=0.300 trial=56   ok    (7 terms, 32554s)
[  26/192   35408s]  T=10 noise=0.200 trial=43   ok    (7 terms, 32565s)
[  27/192   35435s]  T=10 noise=0.300 trial=24   ok    (7 terms, 32542s)
[  28/192   35480s]  T=10 noise=0.300 trial=10   ok    (7 terms, 32617s)
[  29/192   55276s]  T=10 noise=0.200 trial=61   ok    (7 terms, 50138s)
[  30/192   55503s]  T=10 noise=0.300 trial=15   ok    (7 terms, 51023s)
[  31/192   55574s]  T=10 noise=0.200 trial=48   ok    (7 terms, 50323s)
[  32/192   55586s]  T=10 noise=0.200 trial=20   ok    (7 terms, 50424s)
[  33/192   55593s]  T=10 noise=0.300 trial=29   ok    (7 terms, 50458s)
[  34/192   55765s]  T=10 noise=0.300 trial=1    ok    (7 terms, 50517s)
[  35/192   55769s]  T=10 noise=0.200 trial=34   ok    (7 terms, 50397s)
[  36/192   55902s]  T=10 noise=0.300 trial=52   ok    (7 terms, 50531s)
[  37/192   55904s]  T=10 noise=0.100 trial=39   ok    (7 terms, 50513s)
[  38/192   55912s]  T=10 noise=0.100 trial=57   ok    (7 terms, 20540s)
[  39/192   55928s]  T=10 noise=0.200 trial=6    ok    (7 terms, 50556s)
[  40/192   55987s]  T=10 noise=0.100 trial=25   ok    (7 terms, 20552s)
[  41/192   56133s]  T=10 noise=0.100 trial=11   ok    (7 terms, 20652s)
[  42/192   56424s]  T=10 noise=0.300 trial=43   ok    (7 terms, 21015s)
[  43/192   57272s]  T=10 noise=0.300 trial=61   ok    (7 terms, 1996s)
[  44/192   57596s]  T=10 noise=0.100 trial=16   ok    (7 terms, 2092s)
[  45/192   57666s]  T=10 noise=0.100 trial=30   ok    (7 terms, 2073s)
[  46/192   57748s]  T=10 noise=0.100 trial=2    ok    (7 terms, 1983s)
[  47/192   57781s]  T=10 noise=0.100 trial=53   ok    (7 terms, 1879s)
[  48/192   57866s]  T=10 noise=0.300 trial=48   ok    (7 terms, 2291s)
[  49/192   57941s]  T=10 noise=0.300 trial=20   ok    (7 terms, 2354s)
[  50/192   57960s]  T=10 noise=0.300 trial=34   ok    (7 terms, 2191s)
[  51/192   57987s]  T=10 noise=0.200 trial=57   ok    (7 terms, 2075s)
[  52/192   57997s]  T=10 noise=0.200 trial=25   ok    (7 terms, 2009s)
[  53/192   58434s]  T=10 noise=0.200 trial=11   ok    (7 terms, 2302s)
[  54/192   58446s]  T=10 noise=0.100 trial=44   ok    (7 terms, 2022s)
[  55/192   58449s]  T=10 noise=0.200 trial=39   ok    (7 terms, 2544s)
[  56/192   58496s]  T=10 noise=0.300 trial=6    ok    (7 terms, 2568s)
[  57/192   65691s]  T=10 noise=0.100 trial=62   ok    (7 terms, 8420s)
[  58/192   65847s]  T=10 noise=0.200 trial=16   ok    (7 terms, 8251s)
[  59/192   65875s]  T=10 noise=0.200 trial=53   ok    (7 terms, 8093s)
[  60/192   65886s]  T=10 noise=0.100 trial=35   ok    (7 terms, 7926s)
[  61/192   65914s]  T=10 noise=0.200 trial=30   ok    (7 terms, 8247s)
[  62/192   65922s]  T=10 noise=0.200 trial=2    ok    (7 terms, 8174s)
[  63/192   66104s]  T=10 noise=0.100 trial=21   ok    (7 terms, 8163s)
[  64/192   66118s]  T=10 noise=0.100 trial=49   ok    (7 terms, 8253s)
[  65/192   66126s]  T=10 noise=0.300 trial=25   ok    (7 terms, 8129s)
[  66/192   66276s]  T=10 noise=0.300 trial=57   ok    (7 terms, 8290s)
[  67/192   71704s]  T=10 noise=0.100 trial=7    ok    (7 terms, 13209s)
[  68/192   71788s]  T=10 noise=0.200 trial=44   ok    (7 terms, 13342s)
[  69/192   71834s]  T=10 noise=0.300 trial=11   ok    (7 terms, 13400s)
[  70/192   72219s]  T=10 noise=0.300 trial=39   ok    (7 terms, 13771s)
[  71/192   72638s]  T=10 noise=0.200 trial=35   ok    (7 terms, 6752s)
[  72/192   72733s]  T=10 noise=0.300 trial=53   ok    (7 terms, 6859s)
[  73/192   72847s]  T=10 noise=0.200 trial=62   ok    (7 terms, 7156s)
[  74/192   72871s]  T=10 noise=0.300 trial=16   ok    (7 terms, 7024s)
[  75/192   72898s]  T=10 noise=0.300 trial=2    ok    (7 terms, 6976s)
[  76/192   72901s]  T=10 noise=0.300 trial=30   ok    (7 terms, 6987s)
[  77/192   73062s]  T=10 noise=0.100 trial=26   ok    (7 terms, 6936s)
[  78/192   73112s]  T=10 noise=0.200 trial=49   ok    (7 terms, 6994s)
[  79/192   73153s]  T=10 noise=0.200 trial=21   ok    (7 terms, 7049s)
[  80/192   73157s]  T=10 noise=0.100 trial=58   ok    (7 terms, 6880s)
[  81/192   74996s]  T=10 noise=0.200 trial=7    ok    (7 terms, 3292s)
[  82/192   75145s]  T=10 noise=0.300 trial=44   ok    (7 terms, 3357s)
[  83/192   75150s]  T=10 noise=0.100 trial=12   ok    (7 terms, 3316s)
[  84/192   79660s]  T=10 noise=0.100 trial=40   ok    (7 terms, 7440s)
[  85/192   84940s]  T=10 noise=0.300 trial=35   ok    (7 terms, 12301s)
[  86/192   85222s]  T=10 noise=0.100 trial=54   ok    (7 terms, 12488s)
[  87/192   85278s]  T=10 noise=0.100 trial=31   ok    (7 terms, 12376s)
[  88/192   85382s]  T=10 noise=0.100 trial=17   ok    (7 terms, 12512s)
[  89/192   85443s]  T=10 noise=0.100 trial=3    ok    (7 terms, 12545s)
[  90/192   85540s]  T=10 noise=0.200 trial=58   ok    (7 terms, 12383s)
[  91/192   85628s]  T=10 noise=0.200 trial=26   ok    (7 terms, 12566s)
[  92/192   85637s]  T=10 noise=0.300 trial=21   ok    (7 terms, 12484s)
[  93/192   85670s]  T=10 noise=0.300 trial=7    FAIL  (13 terms, 10674s)
[  94/192   85686s]  T=10 noise=0.300 trial=49   ok    (7 terms, 12574s)
[  95/192   85706s]  T=10 noise=0.300 trial=62   ok    (7 terms, 12858s)
[  96/192   85881s]  T=10 noise=0.100 trial=45   ok    (7 terms, 10736s)
[  97/192   86077s]  T=10 noise=0.200 trial=12   ok    (7 terms, 10927s)
[  98/192   86395s]  T=10 noise=0.200 trial=40   ok    (7 terms, 6735s)
[  99/192   86534s]  T=10 noise=0.100 trial=36   ok    (7 terms, 1594s)
[ 100/192   86952s]  T=10 noise=0.200 trial=54   ok    (7 terms, 1730s)
[ 101/192   87243s]  T=10 noise=0.100 trial=8    ok    (7 terms, 1574s)
[ 102/192   87296s]  T=10 noise=0.300 trial=58   ok    (7 terms, 1756s)
[ 103/192   87316s]  T=10 noise=0.100 trial=22   ok    (7 terms, 1679s)
[ 104/192   87352s]  T=10 noise=0.100 trial=63   ok    (7 terms, 1646s)
[ 105/192   87387s]  T=10 noise=0.200 trial=3    ok    (7 terms, 1944s)
[ 106/192   87409s]  T=10 noise=0.100 trial=50   ok    (7 terms, 1724s)
[ 107/192   87413s]  T=10 noise=0.200 trial=31   ok    (7 terms, 2136s)
[ 108/192   87431s]  T=10 noise=0.200 trial=17   ok    (7 terms, 2049s)
[ 109/192   87457s]  T=10 noise=0.300 trial=26   ok    (7 terms, 1829s)
[ 110/192   87656s]  T=10 noise=0.200 trial=45   ok    (7 terms, 1775s)
[ 111/192   87869s]  T=10 noise=0.300 trial=12   ok    (7 terms, 1792s)
[ 112/192   88177s]  T=10 noise=0.200 trial=36   ok    (7 terms, 1643s)
[ 113/192   88326s]  T=10 noise=0.300 trial=40   ok    (7 terms, 1932s)
[ 114/192   90832s]  T=10 noise=0.300 trial=54   ok    (7 terms, 3881s)
[ 115/192   90838s]  T=10 noise=0.100 trial=59   ok    (7 terms, 3542s)
[ 116/192   91982s]  T=10 noise=0.200 trial=8    ok    (7 terms, 4739s)
[ 117/192   92090s]  T=10 noise=0.200 trial=22   ok    (7 terms, 4774s)
[ 118/192   94351s]  T=10 noise=0.100 trial=27   ok    (7 terms, 6894s)
[ 119/192   94355s]  T=10 noise=0.200 trial=63   ok    (7 terms, 7002s)
[ 120/192   94394s]  T=10 noise=0.200 trial=50   ok    (7 terms, 6984s)
[ 121/192   94553s]  T=10 noise=0.300 trial=3    ok    (7 terms, 7166s)
[ 122/192   94687s]  T=10 noise=0.300 trial=45   ok    (7 terms, 7031s)
[ 123/192   94695s]  T=10 noise=0.100 trial=13   ok    (7 terms, 6827s)
[ 124/192   94774s]  T=10 noise=0.300 trial=17   ok    (7 terms, 7342s)
[ 125/192   94909s]  T=10 noise=0.300 trial=31   ok    (7 terms, 7496s)
[ 126/192   95180s]  T=10 noise=0.100 trial=41   ok    (7 terms, 6854s)
[ 127/192   95409s]  T=10 noise=0.200 trial=59   ok    (7 terms, 4571s)
[ 128/192   95444s]  T=10 noise=0.100 trial=55   ok    (7 terms, 4612s)
[ 129/192   95877s]  T=10 noise=0.300 trial=22   ok    (7 terms, 3787s)
[ 130/192   95940s]  T=10 noise=0.300 trial=8    ok    (7 terms, 3957s)
[ 131/192   95996s]  T=10 noise=0.300 trial=36   FAIL  (16 terms, 7819s)
[ 132/192   96000s]  T=10 noise=0.200 trial=27   ok    (7 terms, 1650s)
[ 133/192   96072s]  T=10 noise=0.100 trial=4    ok    (7 terms, 1519s)
[ 134/192   96169s]  T=10 noise=0.300 trial=50   ok    (7 terms, 1775s)
[ 135/192   96236s]  T=10 noise=0.300 trial=63   ok    (7 terms, 1882s)
[ 136/192   96449s]  T=10 noise=0.200 trial=13   ok    (7 terms, 1753s)
[ 137/192   96469s]  T=10 noise=0.100 trial=46   ok    (7 terms, 1782s)
[ 138/192   96475s]  T=10 noise=0.100 trial=18   ok    (7 terms, 1701s)
[ 139/192   96624s]  T=10 noise=0.100 trial=32   ok    (7 terms, 1715s)
[ 140/192   96892s]  T=10 noise=0.200 trial=41   ok    (7 terms, 1712s)
[ 141/192   96923s]  T=10 noise=0.300 trial=59   ok    (7 terms, 1514s)
[ 142/192   97040s]  T=10 noise=0.200 trial=55   ok    (7 terms, 1596s)
[ 143/192   97451s]  T=10 noise=0.100 trial=23   ok    (7 terms, 1573s)
[ 144/192   97563s]  T=10 noise=0.300 trial=27   ok    (7 terms, 1562s)
[ 145/192   97600s]  T=10 noise=0.100 trial=9    ok    (7 terms, 1660s)
[ 146/192   97641s]  T=10 noise=0.200 trial=4    ok    (7 terms, 1569s)
[ 147/192   97654s]  T=10 noise=0.100 trial=51   ok    (7 terms, 1485s)
[ 148/192   97657s]  T=10 noise=0.100 trial=37   ok    (7 terms, 1662s)
[ 149/192   97945s]  T=10 noise=0.100 trial=64   ok    (7 terms, 1709s)
[ 150/192   98280s]  T=10 noise=0.200 trial=46   ok    (7 terms, 1811s)
[ 151/192   98289s]  T=10 noise=0.200 trial=18   ok    (7 terms, 1814s)
[ 152/192   98328s]  T=10 noise=0.300 trial=13   ok    (7 terms, 1879s)
[ 153/192   98449s]  T=10 noise=0.200 trial=32   ok    (7 terms, 1825s)
